[    000000]Liux vrson 4.15.0-62-generic (buildd@lcy01-amd64-024) (gcc version 7.4.0 (Ubuntu 7.4.-1ubnt1~18.0.1) #69UbntuMP Wed Sep 4 20:55:53 UTC 2019 (Ubuntu 4.15.0-62.69-generic 4.15.18)
[    0.000000] Command line: BOOT_IMAGE=/boot/vmlinuz-4.15.0-62-generic root=UUID=1f736b6f-1f72-404f-b646-22a765a221c8 ro console=tty1 console=tyS0
[    0.000000] KERNEL supported cpus:
[    0.000000]   Intel GenuineIntel
[    0.000000]   AMD AuthenticAMD
[    0.000000]   Centaur CentaurHauls
[    0.000000] x86/fpu: Supporting XSAVE feature 0x001: 'x87 floating point registers'
[    0.000000] x86/fpu: Supportig XSAVE fetue 0x02 'SSE regters'
[  0.000000] x86/fpu: Supporting XSAVE feature x04: 'AVXregisters'
[    0.00000 x86fp: xstae_ffset[]:  76, xstatesies[2: 256
[  0.00000 x86fpu: nabled stte featus 0x, contex size s 82 bytes, using 'standard' format.
[  0.000000] e820: BIOS-provided physical RAM map:
[    0.000000] BIOS-e820: [mem 0x0000000000000000-0x000000000009fbff] usable
[    0.000000] BIOS-e80: [me 0x00000000009c00-0x00000000009fff] reserved
[    0.000000] BIOS-e820: [mem 0x00000000000f0000-0x00000000000fffff] reserved
[    .000000] BIOS-e820: [mem 0x0000000000100000-0x000000003ffeffff] usable
[    0.000000] BIOS-e820: [mem 0x000000003fff0000-0x000000003fffffff] ACPI data
[    0.000000] BIOS-e820: [mem 0x00000000fec00000-0x00000000fec00fff] reserved
[    0.000000] BIOS-e820: [mem 0x00000000fee00000-0x00000000fee00fff] reserved
[    0.000000] BIOS-e820: [mem 0x00000000fffc0000-0x00000000ffffffff] reserved
[    0.000000] NX (Execute Disable) protection: active
[    0.000000] SMBIOS 2.5 present.
[    0.000000] DMI: innotek GmbH VirtualBox/VirtualBox, BIOS VirtualBox 12/01/2006
[    0.000000] Hypervisor detected: KVM
[    0.000000] e820: last_pfn = 0x3fff0 max_arch_pfn = 0x400000000
[    0.000000] MTRR: Disabled
[    0.000000] x86/PAT: MTRRs disabled, skipping PAT initialization too.
[    0.000000] CPU MTRRs all blank - virtualized system.
[    0.000000] x86/PAT: Configuration [0-7]: WB  WT  UC- UC  WB  WT  UC- UC  
[    0.000000] found SMP MP-tabe at [me 0x0009fff0-0x0009ffff]
[    0.00000] caning 1 aas for lowmeory corution
    0.00000 RAMDIK:[mem 0x59f000-036b6fff]
[  0.000000 API: Ealytablchecksu verificatin disabled
[    0.000000] ACPI: RSDP 0x00000000000E0000 000024 (v02 VBOX  )
[    0.000000] ACPI: XSDT 0x000000003FFF0030 00003C (v01 VBOX   VBOXXSDT 00000001 ASL  00000061)
[    0.000000] ACPI: FACP 0x000000003FFF00F0 0000F4 (v04 VBOX   VBOXFACP 0000001 ASL  00000061)
[    0.000000] ACPI: DSDT 0x000000003FFF0470 0021FF (v02 VBOX   VBOXBIOS 00000002 INTL 20100528)
[    0.000000] ACPI: FACS 0x000000003FFF0200 000040
[  0.000000] PI: FACS 00000003FF0200 000040[    .00000] AC: APIC0x000000003FFF0240 00005C (v02 VBOX   VBOXAPIC 00000001 ASL  00000061)
[    0.000000] ACPI: SSDT 0x000000003FFF02A0 0001CC (v0VBOX   VBOXPU 00000002 INTL 20100528)
[    .00000] No NUMA nfiguration found
[    0.0000]Faing a node atmem 0x00000000000000-0x0000003ffeffff
[    0.000000] NODE_DATA(0)allocated [mem 0x3ffc5000-0x3ffeffff]
[    0.00000 kvm-clock: cpu 0 msr 3ff44001,rimary u clock[    0.0000] kvm-coc: Usin mrs 4b564d01 and 4b564d00
[    0.00000] vm-clock: usngsced offst f 10919738 yces
   0.00000]clocsource: kvm-coc: mask 0ffffffffffffffff max_cycles: 0x1cd42e4dffb, max_idl_ns: 881590591483 ns
[    0.000000] Zone ranges:
[    0.000000]   DMA      [mem 0x0000000000001000-0x0000000000ffffff]
[    0.00000]   DMA32    [mem 0x0000000001000000-0x000000003ffefff]
[   0.0000]   Noral  empt
    0.0000]  Dvic  empty
[    0.0000] Moabe zone star for eacnode
   0.00000] Early memory nde ranes
[    0.00000]   nde  0:[mm 0x00000000001000-0x000000000009efff]
[    0.000000]   node   0: [mem 0x0000000000100000-0x000000003ffeffff]
[    0.000000] Reserved but unavailable: 98 pages
[    0.000000] Initmem setup node 0 [mem 0x0000000000001000-0x000000003ffeffff]
[    0.000000] ACPI: PM-Timer IO Port: 0x4008
[    0.000000] IOAPIC[0]: apic_id 2, version 32, address0xfec00000, GI 0-23
[    0.000000] ACPI: INT_SRC_OVR (bus 0 bus_irq 0 global_irq 2 dfl dfl)
[    0.000000] ACPI: INT_SRC_OVR (bus 0 bus_irq 9 lobal_irq 9 low level)
[    0.000000] Using ACPI (MADT) for SMP configuration information
[    0.000000] smpboot: Allowing 2 CCPUs, 0 hotplugPUs
   0.000000] PM: Registered nosave memory: [mem 0x00000000-0x00000ff]
[   0.00000] PM: Registered nose memy: [mem 0x009f000-0x0009fff]
[  0.00000]PM: Regstered nosave meory: [mem 000a00-0x000eff]
[    0.00000]PM: egsterd osave memry [me 0000f00-0x000fffff]
[    0.000000] e820: [mem 0x40000000-0xfebfffff] available for PCI devices
[    0.000000]Booting paravirtualized kernel on KVM
[    0.000000] clocksource:refined-jiffies: mask: 0xffffffff max_cycles: 0xfffffffff, max_idle_ns: 7645519600211568 ns
[    0.000000] random: get_random_bytes called from start_kernel+0x99/0x4fd with crng_init=0
[    0.000000] setup_percpu: NR_CPUS:8192 nr_cpumask_bits:2 nr_cpu_ids:2 nr_node_ids:1
[    0.000000] percpu: Embedded 46 pages/cpu s151552 r8192 d28672 u1048576
[    0.000000] PV qspinlock hah able etres: 56(order: 0, 4096 bytes)
   0.000000] Buil1 zoelsts, moilty groupig on.  otalpaes: 2591
[    0.00000] Policy on: DMA32
[  0.00000 Kerne cmmand ine: OOT_IMAGE=/boot/vmlinuz-4.15.0-62-generic root=UUID=1f736b6f-1f72-404f-b646-22a765a221c8 ro console=tty1 console=ttyS0
[    0.000000] Memory: 982904K/1048120K available ((12300K kernel code, 2481K rwdata, 4172K rodata, 2436K init, 2384K bss, 65216K reserved, 0K cma-reserved)
[    0.000000] SLUB: HWalign=64, Order=0-3, MinObjects=0, CPUs=2, Nodes=1
[    0.000000] Kernel/User page tables isolation: enabled
[    0.000000] ftrace: allocating 39306 entres in 14 ages
[  0.004000] Hierarchical RCU implemtation.
[    0.004000] 	RCU restricting CPUs from NR_CPUS=8192 to nr_cpu_ids=2.
[    00.004000] 	Tasks RCU enabled.
[   0.004000] RCU: Adjusting geomery forrc_fanout_lf=16, r_pu_ids=2
    .00400] N_IRQS: 52444 nr_ir: 440, pralloatedirqs 1
[  0.004000] Console: colour VGA+ 80x25
[  0.0400] conol [tty1] enabled
[    0.00400] console [tyS0] enaed
   0.004000] ACPI: Core revision 20170831
[  0.004000] ACPI: 2 ACPI AML tables successfully acquired and loaded
[    0.004000] APIC: Switch to symmetriic I/O mode setup
[    0.004000] x2apic enabled
[    0.004008] Switched APIC routing to physical x2apic.
[    0.009259] ..TIMER: vector=0x30 apic1=0 pin1=2 apic2=-1 pin2=-1
[    0.012005] tsc: Detected 2207.998 MHz processor
[    0.016013] Calibrating delay loop (skipped) preset value.. 4415.99 BogoMIPS (lpj=8831992)
[    0.020007] pid_max: default: 32768 minimum: 301
[    0.024042] Security Framework initialized
[    0.028007] Yama: becoming mindful.
[    0.032038] AppArmor: AppArmor initialized
[    0.037583] Dentry cache hash table entries: 131072 (order: 8, 1048576 bytes)
[    0.040070] Inode-cache hash table entries: 65536 (order: 7, 524288 bytes)
[    0.044025] Mount-cache hash table entries: 2048 (order: 2, 16384 bytes)
[    0.048016] Mountpoint-cache hash table entries: 2048 (order: 2, 16384 bytes)
[    0.052259] Last level iTLB entries: 4KB 64, 2MB 8, 4MB 8
[    0.056006] Last level dTLB entries: 4KB 64, 2MB 0, 4MB 0, 1GB 4
[    0.060007] Spectre V1 : Mitigation: usercopy/swapgs barriers and __user pointer sanitization
[    0.064007] Spectre V2 : Mitigation: Full generic retpoline
[    0.068006] Spectre V2 : Spectre v2 / SpectreRSB mitigation: Filling RSB on context switch
[    0.072006] Speculative Store Bypass: Vulnerable
[    0.076054] MDS: Mitigation: Clear CPU buffers
[    0.080173] Freeing SMP alternatives memory: 36K
[    0.088000] smpboot: CPU0: Intel(R) Core(TM) i7-8750H CPU @ 2.20GHz (family: 0x6, model: 0x9e, stepping: 0xa)
[    0.088089] Performance Events: unsupported p6 CPU model 158 no PMU driver, software events only.
[    0.092061] Hierarchical SRCU implementation.
[    0.096551] NMI watchdog: Perf event create on CPU 0 failed with -2
[    0.099109] NMI watchdog: Perf NMI watchdog permanently disabled
[    0.100091] smp: Bringing up secondary CPUs ...
[    0.102057] x86: Booting SMP configuration:
[    0.104007] .... node  #0, CPUs:      #1
[    0.004000] kvm-clock: cpu 1, msr 0:3ff44041, secondary cpu clock
[    0.114270] smp: Brought up 1 node, 2 CPUs
[    0.116011] smpboot: Max logical packages: 1
[    0.120007] smpboot: Total of 2 processors activated (8831.99 BogoMIPS)
[    0.124252] devtmpfs: initialized
[    0.128073] x86/mm: Memory block size: 128MB
[    0.132160] evm: security.selinux
[    0.136006] evm: security.SMACK64
[    0.138918] evm: security.SMACK64EXEC
[    0.140008] evm: security.SMACK64TRANSMUTE
[    0.141319] evm: security.SMACK64MMAP
[    0.142554] evm: security.apparmor
[    0.144004] evm: security.ima
[    0.144992] evm: security.capability
[    0.146331] clocksource: jiffies: mask: 0xffffffff max_cycles: 0xffffffff, max_idle_ns: 7645041785100000 ns
[    0.148050] futex hash table entries: 512 (order: 3, 32768 bytes)
[    0.157643] pinctrl core: initialized pinctrl subsystem
[    0.159523] RTC time: 22:44:34, date: 09/16/19
[    0.160190] NET: Registered protocol family 16
[    0.161847] audit: initializing netlink subsys (disabled)
[    0.164055] audit: type=2000 audit(1568673870.082:1): state=initialized audit_enabled=0 res=1
[    0.168010] cpuidle: using governor ladder
[    0.169580] cpuidle: using governor menu
[    0.172059] ACPI: bus type PCI registered
[    0.176006] acpiphp: ACPI Hot Plug PCI Controller Driver version: 0.5
[    0.180144] PCI: Using configuration type 1 for base access
[    0.189156] HugeTLB registered 2.00 MiB page size, pre-allocated 0 pages
[    0.192136] ACPI: Added _OSI(Module Device)
[    0.196008] ACPI: Added _OSI(Processor Device)
[    0.200007] ACPI: Added _OSI(3.0 _SCP Extensions)
[    0.204007] ACPI: Added _OSI(Processor Aggregator Device)
[    0.208008] ACPI: Added _OSI(Linux-Dell-Video)
[    0.212008] ACPI: Added _OSI(Linux-Lenovo-NV-HDMI-Audio)
[    0.216008] ACPI: Added _OSI(Linux-HPI-Hybrid-Graphics)
[    0.220484] ACPI: Executed 1 blocks of module-level executable AML code
[    0.230370] ACPI: Interpreter enabled
[    0.232025] ACPI: (supports S0 S5)
[    0.236006] ACPI: Using IOAPIC for interrupt routing
[    0.240268] PCI: Using host bridge windows from ACPI; if necessary, use "pci=nocrs" and report a bug
[    0.244270] ACPI: Enabled 2 GPEs in block 00 to 07
[    0.257738] ACPI: PCI Root Bridge [PCI0] (domain 0000 [bus 00-ff])
[    0.260018] acpi PNP0A03:00: _OSC: OS supports [ASPM ClockPM Segments MSI]
[    0.264064] acpi PNP0A03:00: _OSC: not requesting OS control; OS requires [ExtendedConfig ASPM ClockPM MSI]
[    0.268027] acpi PNP0A03:00: fail to add MMCONFIG information, can't access extended PCI configuration space under this bridge.
[    0.272578] PCI host bridge to bus 0000:00
[    0.276010] pci_bus 0000:00: root bus resource [io  0x0000-0x0cf7 window]
[    0.280010] pci_bus 0000:00: root bus resource [io  0x0d00-0xffff window]
[    0.284011] pci_bus 0000:00: root bus resource [mem 0x000a0000-0x000bffff window]
[    0.288010] pci_bus 0000:00: root bus resource [mem 0x40000000-0xfdffffff window]
[    0.292011] pci_bus 0000:00: root bus resource [bus 00-ff]
[    0.301774] pci 0000:00:01.1: legacy IDE quirk: reg 0x10: [io  0x01f0-0x01f7]
[    0.304011] pci 0000:00:01.1: legacy IDE quirk: reg 0x14: [io  0x03f6]
[    0.308010] pci 0000:00:01.1: legacy IDE quirk: reg 0x18: [io  0x0170-0x0177]
[    0.312011] pci 0000:00:01.1: legacy IDE quirk: reg 0x1c: [io  0x0376]
[    0.344319] pci 0000:00:07.0: quirk: [io  0x4000-0x403f] claimed by PIIX4 ACPI
[    0.348077] pci 0000:00:07.0: quirk: [io  0x4100-0x410f] claimed by PIIX4 SMB
[    0.361841] ACPI: PCI Interrupt Link [LNKA] (IRQs 5 9 10 *11)
[    0.364500] ACPI: PCI Interrupt Link [LNKB] (IRQs 5 9 *10 11)
[    0.368275] ACPI: PCI Interrupt Link [LNKC] (IRQs 5 *9 10 11)
[    0.372302] ACPI: PCI Interrupt Link [LNKD] (IRQs 5 9 10 *11)
[    0.376563] SCSI subsystem initialized
[    0.380118] pci 0000:00:02.0: vgaarb: setting as boot VGA device
[    0.383147] pci 0000:00:02.0: vgaarb: VGA device added: decodes=io+mem,owns=io+mem,locks=none
[    0.384014] pci 0000:00:02.0: vgaarb: bridge control possible
[    0.386927] vgaarb: loaded
[    0.388062] ACPI: bus type USB registered
[    0.392047] usbcore: registered new interface driver usbfs
[    0.396028] usbcore: registered new interface driver hub
[    0.400031] usbcore: registered new device driver usb
[    0.404094] EDAC MC: Ver: 3.0.0
[    0.405738] PCI: Using ACPI for IRQ routing
[    0.408474] NetLabel: Initializing
[    0.410085] NetLabel:  domain hash size = 128
[    0.412005] NetLabel:  protocols = UNLABELED CIPSOv4 CALIPSO
[    0.416030] NetLabel:  unlabeled traffic allowed by default
[    0.420230] clocksource: Switched to clocksource kvm-clock
[    0.494410] S:Disk quotas dquot_6.6.0
[    0.575495] VFS: Dquot-cache hash table entes51 (rdr , 09byes
   00089] ppAror: AppArmor Feste Eabd[    1.332554] pnpPn ACPinit
[    1.530025] pnp: PnP ACPI: found 3 devices

[    1.54679]losource: acpi_pmmak:0xffffmacyle: xffff, axide_: 087002 ns

[   2.5996 NET: egstred protocofamiy 2

[    2.38410] TCP established has tble entries: 8192 (order: 4, 65536 bytes)

[    2.635333] TCP bind hash table ntries: 8192 (order: 5, 131072 bytes)
[    2.674156] TCP: Hash tables configured (established 8192 bind 8192)
[    2.678135] UDP hash table entries: 512 (order: 2 16384 bytes)
[    2.716557] UDP-Li hshtaleenris:12(ord: , 1684byes
   .158] NET: Registerd protol amily1[   3.508291] pc 000::0.0Liitingdirect PCI/PCI transfers
[   3.797345] pci 0000:00:01.0: Activating ISA DMA hang workarounds
[    3.827748] pi 0000:00:02.0: Video device with shadowed ROM at [mem 0x000c0000-0x000dffff]
[    3.858784 Upain iitams..
[    4.464737] Freeing initrd memory: 19680K
[    4.511270] clocksource: tsc: mask: 0xffffffffffffffff max_cycles: 0x1fd3b6211b4, max_idle_ns: 440795230313 ns
[    4.681684] platform rtc_cmos: registered platform RTC device (no PNP device found)
[    4.741354] Scanning for low memory corruption every 60 seconds
[    4.832801] Initialise system trusted keyrings
[    4.911608] Key type blacklist registered
[    4.939914] workingset: timestamp_bits=36 max_order=18 bucket_order=0
[    4.944222] zbud: loaded
[    4.947575] squashfs: version 4.0 (2009/01/31) Phillip Lougher
[    4.951826] fuse init (API version 7.26)
[    4.966052] Key type asymmetric registered
[    4.971045] Asymmetric key parser 'x509' registered
[    4.975361] Block layer SCSI generic (bsg) driver version 0.4 loaded (major 246)
[    4.979726] io scheduler noop registered
[    4.981398] io scheduler deadline registered
[    4.982993] io scheduler cfq registered (default)
[    4.985439] ACPI: AC Adapter [AC] (on-line)
[    4.987333] input: Power Button as /devices/LNXSYSTM:00/LNXPWRBN:00/input/input0
[    4.990343] ACPI: Power Button [PWRF]
[    4.991884] input: Sleep Button as /devices/LNXSYSTM:00/LNXSLPBN:00/input/input1
[    4.996207] ACPI: Sleep Button [SLPF]
[    4.998027] Serial: 8250/16550 driver, 32 ports, IRQ sharing enabled
[    4.999918] ACPI: Battery Slot [BAT0] (battery present)
[    5.029162] 00:02: ttyS0 at I/O 0x3f8 (irq = 4, base_baud = 115200) is a 16550A
[    5.099579] Linux agpgart interface v0.103
[    5.152698] loop: module loaded
[    5.182465] scsi host0: ata_piix
[    5.221610] scsi host1: ata_piix
[    5.268674] ata1: PATA max UDMA/33 cmd 0x1f0 ctl 0x3f6 bmdma 0xd000 irq 14
[    5.273722] ata2: PATA max UDMA/33 cmd 0x170 ctl 0x376 bmdma 0xd008 irq 15
[    5.280188] libphy: Fixed MDIO Bus: probed
[    5.282464] tun: Universal TUN/TAP device driver, 1.6
[    5.284803] PPP generic driver version 2.4.2
[    5.287059] ehci_hcd: USB 2.0 'Enhanced' Host Controller (EHCI) Driver
[    5.312890] ehci-pci: EHCI PCI platform driver
[    5.322443] ehci-platform: EHCI generic platform driver
[    5.381539] ohci_hcd: USB 1.1 'Open' Host Controller (OHCI) Driver
[    5.477317] ohci-pci: OHCI PCI platform driver
[    5.546187] ohci-platform: OHCI generic platform driver
[    5.610815] uhci_hcd: USB Universal Host Controller Interface driver
[    5.693601] i8042: PNP: PS/2 Controller [PNP0303:PS2K,PNP0f03:PS2M] at 0x60,0x64 irq 1,12
[    5.802023] serio: i8042 KBD port at 0x60,0x64 irq 1
[    5.861259] serio: i8042 AUX port at 0x60,0x64 irq 12
[    5.941856] mousedev: PS/2 mouse device common for all mice
[    6.038205] input: AT Translated Set 2 keyboard as /devices/platform/i8042/serio0/input/input2
[    6.098760] rtc_cmos rtc_cmos: rtc core: registered rtc_cmos as rtc0
[    6.105825] rtc_cmos rtc_cmos: alarms up to one day, 114 bytes nvram
[    6.109457] i2c /dev entries driver
[    6.121118] device-mapper: uevent: version 1.0.3
[    6.129690] device-mapper: ioctl: 4.37.0-ioctl (2017-09-20) initialised: dm-devel@redhat.com
[    6.133139] ledtrig-cpu: registered to indicate activity on CPUs
[    6.141566] NET: Registered protocol family 10
[    6.149127] Segment Routing with IPv6
[    6.150743] NET: Registered protocol family 17
[    6.152949] Key type dns_resolver registered
[    6.157983] mce: Using 0 MCE banks
[    6.161174] RAS: Correctable Errors collector initialized.
[    6.165527] sched_clock: Marking stable (6165494518, 0)->(17674033064, -11508538546)
[    6.170314] registered taskstats version 1
[    6.173613] Loading compiled-in X.509 certificates
[    6.178741] Loaded X.509 cert 'Build time autogenerated kernel key: ff1b14b29a8b0fad041e56b58c2af39eda0766ce'
[    6.239044] zswap: loaded using pool lzo/zbud
[    6.303333] Key type big_key registered
[    6.344804] Key type trusted registered
[    6.399141] Key type encrypted registered
[    6.456397] AppArmor: AppArmor sha1 policy hashing enabled
[    6.536823] ima: No TPM chip found, activating TPM-bypass! (rc=-19)
[    6.606481] ima: Allocated hash algorithm: sha1
[    6.624620] evm: HMAC attrs: 0x1
[    6.665027]   Magic number: 3:241:755
[    6.722290] tty ttyS6: hash matches
[    6.764580] rtc_cmos rtc_cmos: setting system clock to 2019-09-16 22:44:42 UTC (1568673882)
[    6.888977] BIOS EDD facility v0.16 2004-Jun-25, 0 devices found
[    6.984743] EDD information not available.
[    7.067952] Freeing unused kernel image memory: 2436K
[    7.172256] Write protecting the kernel read-only data: 20480k
[    7.241165] Freeing unused kernel image memory: 2008K
[    7.981160] Freeing unused kernel image memory: 1972K
[    9.017328] x86/mm: Checked W+X mappings: passed, no W+X pages found.
[    9.020118] x86/mm: Checking user space page tables
[    9.029363] x86/mm: Checked W+X mappings: passed, no W+X pages found.
Loading, please wait...
starting version 237
[   10.702032] Fusion MPT base driver 3.04.20
[   10.749692] Copyright (c) 1999-2008 LSI Corporation
[   10.768881] e1000: Intel(R) PRO/1000 Network Driver - version 7.3.21-k8-NAPI
[   10.775665] e1000: Copyright (c) 1999-2006 Intel Corporation.
[   10.789378] Fusion MPT SPI Host driver 3.04.20
[   10.817573] AVX2 version of gcm_enc/dec engaged.
[   10.822263] AES CTR mode by8 optimization enabled
[   11.001867] input: ImExPS/2 Generic Explorer Mouse as /devices/platform/i8042/serio1/input/input4
[   11.231331] e1000 0000:00:03.0 eth0: (PCI:33MHz:32-bit) 02:19:d6:3c:94:c8
[   11.293614] e1000 0000:00:03.0 eth0: Intel(R) PRO/1000 Network Connection
[   11.332605] e1000 0000:00:03.0 enp0s3: renamed from eth0
[   11.332669] mptbase: ioc0: Initiating bringup
[   11.663741] ioc0: LSI53C1030 A0: Capabilities={Initiator}
[   13.324280] scsi host2: ioc0: LSI53C1030 A0, FwRev=00000000h, Ports=1, MaxQ=256, IRQ=20
[   13.761768] scsi 2:0:0:0: Direct-Access     VBOX     HARDDISK         1.0  PQ: 0 ANSI: 5
[   14.296096] scsi target2:0:0: Beginning Domain Validation
[   14.300414] scsi target2:0:0: Domain Validation skipping write tests
[   14.303048] scsi target2:0:0: Ending Domain Validation
[   14.463122] scsi target2:0:0: asynchronous
[   15.406885] scsi 2:0:1:0: Direct-Access     VBOX     HARDDISK         1.0  PQ: 0 ANSI: 5
[   16.061336] scsi target2:0:1: Beginning Domain Validation
[   16.787136] random: fast init done
[   17.378240] scsi target2:0:1: Domain Validation skipping write tests
[   17.381132] scsi target2:0:1: Ending Domain Validation
[   17.383540] scsi target2:0:1: asynchronous
[   17.392164] random: systemd-udevd: uninitialized urandom read (16 bytes read)
[   17.392683] sd 2:0:0:0: [sda] 20971520 512-byte logical blocks: (10.7 GB/10.0 GiB)
[   17.395927] random: systemd-udevd: uninitialized urandom read (16 bytes read)
[   17.400110] sd 2:0:0:0: Attached scsi generic sg0 type 0
[   17.404236] random: systemd-udevd: uninitialized urandom read (16 bytes read)
[   17.407354] sd 2:0:0:0: [sda] Write Protect is off
[   17.414924] sd 2:0:1:0: Attached scsi generic sg1 type 0
[   17.429366] sd 2:0:0:0: [sda] Incomplete mode parameter data
[   17.432017] sd 2:0:0:0: [sda] Assuming drive cache: write through
[   17.435696] sd 2:0:1:0: [sdb] 20480 512-byte logical blocks: (10.5 MB/10.0 MiB)
[   17.439666] sd 2:0:1:0: [sdb] Write Protect is off
[   17.442326] sd 2:0:1:0: [sdb] Incomplete mode parameter data
[   17.467192] sd 2:0:1:0: [sdb] Assuming drive cache: write through
[   17.479347]  sda: sda1
[   17.481808] sd 2:0:1:0: [sdb] Attached SCSI disk
[   17.537582] sd 2:0:0:0: [sda] Attached SCSI disk
Begin: Loading essential drivers ... [   19.224105] raid6: sse2x1   gen()  7757 MB/s
[   19.336540] raid6: sse2x1   xor()  5072 MB/s
[   19.404525] raid6: sse2x2   gen()  9204 MB/s
[   19.488111] raid6: sse2x2   xor()  6315 MB/s
[   19.580285] raid6: sse2x4   gen() 10744 MB/s
[   19.681359] raid6: sse2x4   xor()  7644 MB/s
[   19.784563] raid6: avx2x1   gen() 15435 MB/s
[   19.904334] raid6: avx2x1   xor() 10541 MB/s
[   19.988078] raid6: avx2x2   gen() 19003 MB/s
[   20.092243] raid6: avx2x2   xor() 10181 MB/s
[   20.144131] raid6: avx2x4   gen() 18133 MB/s
[   20.192041] raid6: avx2x4   xor() 11880 MB/s
[   20.206929] raid6: using algorithm avx2x2 gen() 19003 MB/s
[   20.261014] raid6: .... xor() 10181 MB/s, rmw enabled
[   20.317902] raid6: using avx2x2 recovery algorithm
[   20.392776] xor: automatically using best checksumming function   avx       
[   20.470723] async_tx: api initialized (async)
done.
Begin: Running /scripts/init-premount ... done.
Begin: Mounting root file system ... Begin: Running /scripts/local-top ... done.
Begin: Running /scripts/local-premount ... [   20.573648] Btrfs loaded, crc32c=crc32c-intel
Scanning for Btrfs filesystems
done.
Warning: fsck no[   20.620676] EXT4-fs (sda1): INFO: recovery required on readonly filesystem
t present, so skipping root file[   20.687643] EXT4-fs (sda1): write access will be enabled during recovery
 system
[   21.021069] EXT4-fs (sda1): recovery complete
[   21.063718] EXT4-fs (sda1): mounted filesystem with ordered data mode. Opts: (null)
done.
Begin: Running /scripts/local-bottom ... done.
Begin: Running /scripts/init-bottom ... done.
[   21.395771] ip_tables: (C) 2000-2006 Netfilter Core Team
[   22.391990] systemd[1]: systemd 237 running in system mode. (+PAM +AUDIT +SELINUX +IMA +APPARMOR +SMACK +SYSVINIT +UTMP +LIBCRYPTSETUP +GCRYPT +GNUTLS +ACL +XZ +LZ4 +SECCOMP +BLKID +ELFUTILS +KMOD -IDN2 +IDN -PCRE2 default-hierarchy=hybrid)
[   26.136950] systemd[1]: Detected virtualization oracle.
[   26.221514] systemd[1]: Detected architecture x86-64.

Welcome to [1mUbuntu 18.04.3 LTS[0m!

[   26.321075] systemd[1]: Set hostname to <ubuntu-bionic>.
[   26.589191] random: crng init done
[   26.593358] random: 7 urandom warning(s) missed due to ratelimiting
[   26.701451] systemd[1]: Reached target Swap.
[[0;32m  OK  [0m] Reached target Swap.
[   26.763256] systemd[1]: Created slice User and Session Slice.
[[0;32m  OK  [0m] Created slice User and Session Slice.
[   26.860267] systemd[1]: Reached target System Time Synchronized.
[[0;32m  OK  [0m] Reached target System Time Synchronized.
[   26.936593] systemd[1]: Set up automount Arbitrary Executable File Formats File System Automount Point.
[[0;32m  OK  [0m] Set up automount Arbitrary Executabâ€¦rmats File System Automount Point.
[   27.057271] systemd[1]: Started Forward Password Requests to Wall Directory Watch.
[[0;32m  OK  [0m] Started Forward Password Requests to Wall Directory Watch.
[   27.152497] systemd[1]: Reached target User and Group Name Lookups.
[[0;32m  OK  [0m] Reached target User and Group Name Lookups.
[[0;32m  OK  [0m] Created slice System Slice.
[[0;32m  OK  [0m] Listening on udev Kernel Socket.
[[0;32m  OK  [0m] Listening on Device-mapper event daemon FIFOs.
[[0;32m  OK  [0m] Listening on /dev/initctl Compatibility Named Pipe.
[[0;32m  OK  [0m] Created slice system-postgresql.slice.
[[0;32m  OK  [0m] Listening on Syslog Socket.
[[0;32m  OK  [0m] Reached target Slices.
[[0;32m  OK  [0m] Listening on LVM2 poll daemon socket.
[[0;32m  OK  [0m] Listening on Journal Socket.
         Mounting Huge Pages File System...
         Starting Create list of required stâ€¦ce nodes for the current kernel...
         Starting Uncomplicated firewall...
[[0;32m  OK  [0m] Listening on Network Service Netlink Socket.
         Starting Remount[   27.302424] EXT4-fs (sda1): re-mounted. Opts: (null)
 Root and Kernel File Systems...
[   27.422521] systemd[1]: Created slice system-serial\x2dgetty.slice.
[[0;32m  OK  [0m] Created slice system-serial\x2dgetty.slice.
[   27.525814] systemd[1]: Starting Set the console keyboard layout...
         Starting Set the console keyboard layout...
[   27.589473] systemd[1]: Mounting Kernel Debug File System...
         Mounting Kernel Debug File System...
[   27.598089] systemd[1]: Listening on Journal Socket (/dev/log).
[[0;32m  OK  [0m] Listening on Journal Socket (/dev/log).
[   27.611388] systemd[1]: Starting Load Kernel Modules...
         Starting Load Kernel Modules...
[   27.618356] systemd[1]: Mounting POSIX Message Queue File System...
         Mounting POSIX Message Queue Fil[   27.638040] Loading iSCSI transport class v2.0-870.
e System...
[   27.645923] systemd[1]: Listening on udev Control Socket.
[[0;32m  OK  [0m] Listening on udev Control Soc[   27.682019] iscsi: registered transport (tcp)
ket.
[   27.749231] systemd[1]: Starting udev Coldplug all Devices...
         Starting udev Coldplug all Devic[   27.809198] iscsi: registered transport (iser)
es...
[   27.900518] systemd[1]: Listening on Journal Audit Socket.
[[0;32m  OK  [0m] Listening on Journal Audit Socket.
[   27.983703] systemd[1]: Starting Journal Service...
         Starting Journal Service...
[[0;32m  OK  [0m] Listening on LVM2 metadata daemon socket.
         Starting Monitoring of LVM2 mirrorsâ€¦ng dmeventd or progress polling...
[[0;32m  OK  [0m] Started Journal Service.
[[0;32m  OK  [0m] Mounted Huge Pages File System.
[[0;32m  OK  [0m] Started Create list of required staâ€¦vice nodes for the current kernel.
[[0;32m  OK  [0m] Started Uncomplicated firewall.
[[0;32m  OK  [0m] Started Remount Root and Kernel File Systems.
[[0;32m  OK  [0m] Started Set the console keyboard layout.
[[0;32m  OK  [0m] Mounted Kernel Debug File System.
[[0;32m  OK  [0m] Started Load Kernel Modules.
[[0;32m  OK  [0m] Mounted POSIX Message Queue File System.
[[0;32m  OK  [0m] Started LVM2 metadata daemon.
         Mounting FUSE Control File System...
         Mounting Kernel Configuration File System...
         Starting Apply Kernel Variables...
         Starting Load/Save Random Seed...
         Starting Create Static Device Nodes in /dev...
         Starting Flush Journal to Persistent Storage...
[[0;32m  OK  [0m] Started Monitoring of LVM2 mirrors,â€¦sing dmeventd or progress polling.
[[0;32m  OK  [0m] Started udev Coldplug all Devices.
[[0;32m  OK  [0m] Mounted FUSE Control File System.
[[0;32m  OK  [0m] Mounted Kernel Configuration File System.
[[0;32m  OK  [0m] Started Apply Kernel Variables.
[[0;32m  OK  [0m] Started Load/Save Random Seed.
[[0;32m  OK  [0m] Started Create Static Device Nodes in /dev.
         Starting udev Kernel Device Manager...
[[0;32m  OK  [0m] Reached target Local File Systems (Pre).
         Mounting Mount unit for core, revision 7396...
         Mounting Mount unit for heroku, revision 3799...
         Mounting Mount unit for core, revision 7713...
[[0;32m  OK  [0m] Reached target Local File Systems.
         Starting Set console font and keymap...
         Starting AppArmor initialization...
         Starting ebtables ruleset management...
         Starting Tell Plymouth To Write Out Runtime Data...
[[0;32m  OK  [0m] Started udev Kernel Device Manager.
[[0;32m  OK  [0m] Mounted Mount unit for core, revision 7396.
[[0;32m  OK  [0m] Mounted Mount unit for heroku, revision 3799.
[[0;32m  OK  [0m] Mounted Mount unit for core, revision 7713.
[[0;32m  OK  [0m] Started Set console font and keymap.
[[0;32m  OK  [0m] Started Tell Plymouth To Write Out Runtime Data.
[[0;32m  OK  [0m] Found device /dev/ttyS0.
[[0;32m  OK  [0m] Started ebtables ruleset management.
[[0;32m  OK  [0m] Listening on Load/Save RF Kill Switch Status /dev/rfkill Watch.
[[0;32m  OK  [0m] Started Dispatch Password Requests to Console Directory Watch.
[[0;32m  OK  [0m] Reached target Local Encrypted Volumes.
[[0;32m  OK  [0m] Started Flush Journal to Persistent Storage.
         Starting Create Volatile Files and Directories...
[[0;32m  OK  [0m] Started Create Volatile Files and Directories.
         Starting Update UTMP about System Boot/Shutdown...
[[0;32m  OK  [0m] Started Update UTMP about System Boot/Shutdown.
[[0;32m  OK  [0m] Started AppArmor initialization.
         Starting Initial cloud-init job (pre-networking)...
[   31.255528] cloud-init[575]: Cloud-init v. 19.1-1-gbaa47854-0ubuntu1~18.04.1 running 'init-local' at Mon, 16 Sep 2019 22:45:06 +0000. Up 30.99 seconds.
[[0;32m  OK  [0m] Started Initial cloud-init job (pre-networking).
[[0;32m  OK  [0m] Reached target Network (Pre).
         Starting Network Service...
[[0;32m  OK  [0m] Started Network Service.
         Starting Wait for Network to be Configured...
         Starting Network Name Resolution...
[[0;32m  OK  [0m] Started Network Name Resolution.
[[0;32m  OK  [0m] Reached target Host and Network Name Lookups.
[[0;32m  OK  [0m] Reached target Network.
[[0;32m  OK  [0m] Started Wait for Network to be Configured.
         Starting Initial cloud-init job (metadata service crawler)...
[   33.421500] cloud-init[732]: Cloud-init v. 19.1-1-gbaa47854-0ubuntu1~18.04.1 running 'init' at Mon, 16 Sep 2019 22:45:08 +0000. Up 33.24 seconds.
[   33.500323] cloud-init[732]: ci-info: ++++++++++++++++++++++++++++++++++++++Net device info++++++++++++++++++++++++++++++++++++++
[   33.540240] cloud-init[732]: ci-info: +--------+------+----------------------------+---------------+--------+-------------------+
[   33.568841] cloud-init[732]: ci-info: | Device |  Up  |          Address           |      Mask     | Scope  |     Hw-Address    |
[   33.612535] cloud-init[732]: ci-info: +--------+------+----------------------------+---------------+--------+-------------------+
[[0;32m  OK  [0m] Started Initial cloud-init job (metadata service crawler).
[[0;32m  OK  [0m] Reached target Network is Online.
[   33.678405] cloud-init[732]: ci-info: | enp0s3 | True |         10.0.2.15          | 255.255.255.0 | global | 02:19:d6:3c:94:c8 |
[   33.809491] cloud-init[732]: ci-info: | enp0s3 | True | fe80::19:d6ff:fe3c:94c8/64 |       .       |  link  | 02:19:d6:3c:94:c8 |
[   33.856775] cloud-init[732]: ci-info: |   lo   | True |         127.0.0.1          |   255.0.0.0   |  host  |         .         |
[   33.900450] cloud-init[732]: ci-info: |   lo   | True |          ::1/128           |       .       |  host  |         .         |
[   33.960999] cloud-init[732]: ci-info: +--------+------+----------------------------+---------------+--------+-------------------+
[   34.016590] cloud-init[732]: ci-info: ++++++++++++++++++++++++++++Route IPv4 info+++++++++++++++++++++++++++++
[   34.064766] cloud-init[732]: ci-info: +-------+-------------+----------+-----------------+-----------+-------+
[   34.124772] cloud-init[732]: ci-info: | Route | Destination | Gateway  |     Genmask     | Interface | Flags |
[[0;32m  OK  [0m] Reached target Remote File Systems (Pre).
[[0;32m  OK  [0m] Reached target Remote File Systems.
[   34.171135] cloud-init[732]: ci-info: +-------+-------------+----------+-----------------+-----------+-------+
         Starting Availability of block devices...
[   34.254459] cloud-init[732]: ci-info: |   0   |   0.0.0.0   | 10.0.2.2 |     0.0.0.0     |   enp0s3  |   UG  |
[   34.271999] cloud-init[732]: ci-info: |   1   |   10.0.2.0  | 0.0.0.0  |  255.255.255.0  |   enp0s3  |   U   |
[[0;32m  OK  [0m] Reached target Cloud-config availability.
[[0;32m  OK  [0m] Reached target System Initialization.
[[0;32m  OK  [0m] Listening on Open-iSCSI iscsid Socket.
[   34.283227] cloud-init[732]: ci-info: |   2   |   10.0.2.2  | 0.0.0.0  | 255.255.255.255 |   enp0s3  |   UH  |
[   34.321781] cloud-init[732]: ci-info: +-------+-------------+----------+-----------------+-----------+-------+
[[0;32m  OK  [0m] Listening on UUID daemon activation socket.
[[0;32m  OK  [0m] Listening on D-Bus System Message Bus Socket.
[   34.335631] cloud-init[732]: ci-info: +++++++++++++++++++Route IPv6 info+++++++++++++++++++
[   34.360221] cloud-init[732]: ci-info: +-------+-------------+---------+-----------+-------+
[   34.401000] cloud-init[732]: ci-info: | Route | Destination | Gateway | Interface | Flags |
[   34.444389] cloud-init[732]: ci-info: +-------+-------------+---------+-----------+-------+
[   34.484325] cloud-init[732]: ci-info: |   1   |  fe80::/64  |    ::   |   enp0s3  |   U   |
[[0;32m  OK  [0m] Started Message of the Day.
[   34.515739] cloud-init[732]: ci-info: |   3   |    local    |    ::   |   enp0s3  |   U   |
[   34.563913]          Starting LXD - unix socket.
cloud-init[732]: ci-info: |   4   |   ff00::/8  |    ::   |   enp0s3  |   U   |
[[0;32m  OK  [0m] Started Daily Cleanup of Temporary Directories.
[   34.625748] cloud-init[732]: ci-info: +-------+-------------+---------+-----------+-------+
         Starting Socket activation for snappy daemon.
[[0;32m  OK  [0m] Started Daily apt download activities.
[[0;32m  OK  [0m] Started Daily apt upgrade and clean activities.
[[0;32m  OK  [0m] Started ACPI Events Check.
[[0;32m  OK  [0m] Reached target Paths.
[[0;32m  OK  [0m] Listening on ACPID Listen Socket.
[[0;32m  OK  [0m] Started Discard unused blocks once a week.
[[0;32m  OK  [0m] Reached target Timers.
[[0;32m  OK  [0m] Started Availability of block devices.
[[0;32m  OK  [0m] Listening on LXD - unix socket.
[[0;32m  OK  [0m] Listening on Socket activation for snappy daemon.
[[0;32m  OK  [0m] Reached target Sockets.
[[0;32m  OK  [0m] Reached target Basic System.
[[0;32m  OK  [0m] Started Deferred execution scheduler.
         Starting Resets System Activity Data Collector...
         Starting LSB: automatic crash report generation...
[[0;32m  OK  [0m] Started irqbalance daemon.
         Starting System Logging Service...
         Starting Permit User Sessions...
[[0;32m  OK  [0m] Started D-Bus System Message Bus.
[[0;32m  OK  [0m] Started FUSE filesystem for LXC.
         Starting LXD - container startup/shutdown...
         Starting Login Service...
         Starting Dispatcher daemon for systemd-networkd...
         Starting Snappy daemon...
         Starting PostgreSQL Cluster 10-main...
         Starting Message of the Day...
[[0;32m  OK  [0m] Started Regular background program processing daemon.
         Starting Virtualbox guest utils...
         Starting LSB: Record successful boot for GRUB...
         Starting Accounts Service...
         Starting OpenBSD Secure Shell server...
[[0;32m  OK  [0m] Started System Logging Service.
[[0;32m  OK  [0m] Started Resets System Activity Data Collector.
[[0;32m  OK  [0m] Started Permit User Sessions.
[[0;32m  OK  [0m] Started LXD - container startup/shutdown.
[[0;32m  OK  [0m] Started Login Service.
[[0;32m  OK  [0m] Started Dispatcher daemon for systemd-networkd.
         Starting Authorization Manager...
[[0;32m  OK  [0m] Started Unattended Upgrades Shutdown.
         Starting Hold until boot process finishes up...
         Starting Terminate Plymouth Boot Screen...
[[0;32m  OK  [0m] Started OpenBSD Secure Shell server.
[[0;32m  OK  [0m] Started LSB: automatic crash report generation.
[[0;32m  OK  [0m] Started Hold until boot process finishes up.
[[0;32m  OK  [0m] Started Terminate Plymouth Boot Screen.
[[0;32m  OK  [0m] Started LSB: Record successful boot for GRUB.
[[0;32m  OK  [0m] Started Virtualbox guest utils.
[[0;32m  OK  [0m] Started Authorization Manager.
[[0;32m  OK  [0m] Started Accounts Service.
         Starting Set console scheme...
[[0;32m  OK  [0m] Started Serial Getty on ttyS0.
[[0;32m  OK  [0m] Started Set console scheme.
[[0;32m  OK  [0m] Created slice system-getty.slice.
[[0;32m  OK  [0m] Started Getty on tty1.
[[0;32m  OK  [0m] Reached target Login Prompts.
[[0;32m  OK  [0m] Started Snappy daemon.
         Starting Wait until snapd is fully seeded...
[[0;32m  OK  [0m] Started Wait until snapd is fully seeded.
         Starting Apply the settings specified in cloud-config...
[[0;32m  OK  [0m] Started Message of the Day.
[   37.940778] cloud-init[1274]: Cloud-init v. 19.1-1-gbaa47854-0ubuntu1~18.04.1 running 'modules:config' at Mon, 16 Sep 2019 22:45:13 +0000. Up 37.73 seconds.
[[0;32m  OK  [0m] Started Apply the settings specified in cloud-config.
[[0;32m  OK  [0m] Created slice User Slice of vagrant.
         Starting User Manager for UID 1000...
[[0;32m  OK  [0m] Started Session 1 of user vagrant.
[[0;32m  OK  [0m] Started User Manager for UID 1000.
[[0;32m  OK  [0m] Started PostgreSQL Cluster 10-main.
         Starting PostgreSQL RDBMS...
[[0;32m  OK  [0m] Started PostgreSQL RDBMS.
[[0;32m  OK  [0m] Reached target Multi-User System.
         Starting Execute cloud user/final scripts...
[[0;32m  OK  [0m] Reached target Graphical Interface.
         Starting Update UTMP about System Runlevel Changes...
[[0;32m  OK  [0m] Started Update UTMP about System Runlevel Changes.
[   39.866249] cloud-init[1510]: Cloud-init v. 19.1-1-gbaa47854-0ubuntu1~18.04.1 running 'modules:final' at Mon, 16 Sep 2019 22:45:15 +0000. Up 39.72 seconds.
[[0;32m  OK  [0m] Started Execute cloud user/final scripts.
[   39.942817] cloud-init[1510]: Cloud-init v. 19.1-1-gbaa47854-0ubuntu1~18.04.1 finished at Mon, 16 Sep 2019 22:45:15 +0000. Datasource DataSourceNoCloud [seed=/dev/sdb][dsmode=net].  Up 39.85 seconds
[[0;32m  OK  [0m] Reached target Cloud-init target.
         Starting Daily apt download activities...

Ubuntu 18.04.3 LTS ubuntu-bionic ttyS0

ubuntu-bionic login:          Mounting Mount unit for heroku, revision 3805...
[[0;32m  OK  [0m] Mounted Mount unit for heroku, revision 3805.
[[0;32m  OK  [0m] Created slice User Slice of vagrant.
         Starting User Manager for UID 1000...
[[0;32m  OK  [0m] Started Session 3 of user vagrant.
[[0;32m  OK  [0m] Started User Manager for UID 1000.
[[0;32m  OK  [0m] Started Daily apt download activities.
         Starting Daily apt upgrade and clean activities...
[[0;32m  OK  [0m] Started Daily apt upgrade and clean activities.
